Flutter crash report.
Please report a bug at https://github.com/flutter/flutter/issues.

## command

flutter build har --debug

## exception

ProcessException: ProcessException: The command failed with exit code 255
  Command: hvigorw --mode module -p module=flutter_module@default -p product=default -p buildMode=debug assembleHar --no-daemon -p FLUTTER_TARGET=lib/main.dart -p TARGET_PLATFORM=ohos-arm64 -p DART_OBFUSCATION=false -p TRACK_WIDGET_CREATION=true -p TREE_SHAKE_ICONS=false -p PACKAGE_CONFIG=/Users/huhuiping/github/flutterProjects/ohos_flutter_module_demo/my_flutter_module/.dart_tool/package_config.json

```
#0      RunResult.throwException (package:flutter_tools/src/base/process.dart:125:5)
#1      _DefaultProcessUtils.runSync (package:flutter_tools/src/base/process.dart:456:17)
#2      hvigorwTask (package:flutter_tools/src/ohos/hvigor.dart:133:41)
#3      assembleHar (package:flutter_tools/src/ohos/hvigor.dart:214:10)
#4      OhosHvigorBuilder.assembleHars (package:flutter_tools/src/ohos/hvigor.dart:609:33)
#5      OhosHvigorBuilder.buildHar (package:flutter_tools/src/ohos/hvigor.dart:478:11)
#6      BuildHarCommand.runCommand (package:flutter_tools/src/commands/build_har.dart:69:24)
<asynchronous suspension>
#7      FlutterCommand.run.<anonymous closure> (package:flutter_tools/src/runner/flutter_command.dart:1394:27)
<asynchronous suspension>
#8      AppContext.run.<anonymous closure> (package:flutter_tools/src/base/context.dart:153:19)
<asynchronous suspension>
#9      CommandRunner.runCommand (package:args/command_runner.dart:212:13)
<asynchronous suspension>
#10     FlutterCommandRunner.runCommand.<anonymous closure> (package:flutter_tools/src/runner/flutter_command_runner.dart:372:9)
<asynchronous suspension>
#11     AppContext.run.<anonymous closure> (package:flutter_tools/src/base/context.dart:153:19)
<asynchronous suspension>
#12     FlutterCommandRunner.runCommand (package:flutter_tools/src/runner/flutter_command_runner.dart:308:5)
<asynchronous suspension>
#13     run.<anonymous closure>.<anonymous closure> (package:flutter_tools/runner.dart:130:9)
<asynchronous suspension>
#14     AppContext.run.<anonymous closure> (package:flutter_tools/src/base/context.dart:153:19)
<asynchronous suspension>
#15     main (package:flutter_tools/executable.dart:93:3)
<asynchronous suspension>
```

## flutter doctor

```
[33m[!][39m Flutter (Channel [user-branch], 3.22.1-ohos-1.0.4, on macOS 15.6 24G84 darwin-arm64, locale zh-Hans-CN)
    [33m![39m Flutter version 3.22.1-ohos-1.0.4 on channel [user-branch] at /Users/huhuiping/flutter_ohos
      Currently on an unknown channel. Run `flutter channel` to switch to an official channel.
      If that doesn't fix the issue, reinstall Flutter by following instructions at https://flutter.dev/docs/get-started/install.
    [33m![39m Upstream repository https://gitcode.com/openharmony-tpc/flutter_flutter.git is not a standard remote.
      Set environment variable "FLUTTER_GIT_URL" to https://gitcode.com/openharmony-tpc/flutter_flutter.git to dismiss this error.
    [32m•[39m Framework revision 9e65014228 (2 weeks ago), 2026-01-04 15:09:42 +0800
    [32m•[39m Engine revision f6344b75dc
    [32m•[39m Dart version 3.4.0
    [32m•[39m DevTools version 2.34.1
    [32m•[39m If those were intentional, you can disregard the above warnings; however it is recommended to use "git" directly to perform update checks and upgrades.

[32m[✓][39m HarmonyOS toolchain - develop for HarmonyOS devices
    [32m•[39m OpenHarmony Sdk at /Applications/DevEco-Studio.app/Contents/sdk, available api versions has [20:default]
    [32m•[39m Ohpm version 5.3.2
    [32m•[39m Node version v20.18.1
    [32m•[39m Hvigorw binary at /Applications/DevEco-Studio.app/Contents/tools/hvigor/bin/hvigorw

[33m[!][39m Android toolchain - develop for Android devices (Android SDK version 36.1.0)
    [32m•[39m Android SDK at /Users/huhuiping/Library/Android/sdk
    [31m✗[39m cmdline-tools component is missing
      Run `path/to/sdkmanager --install "cmdline-tools;latest"`
      See https://developer.android.com/studio/command-line for more details.
    [31m✗[39m Android license status unknown.
      Run `flutter doctor --android-licenses` to accept the SDK licenses.
      See https://flutter.dev/docs/get-started/install/macos#android-setup for more details.

[33m[!][39m Xcode - develop for iOS and macOS (Xcode 16.2)
    [32m•[39m Xcode at /Applications/Xcode.app/Contents/Developer
    [32m•[39m Build 16C5032a
    [31m✗[39m CocoaPods not installed.
        CocoaPods is used to retrieve the iOS and macOS platform side's plugin code that responds to your plugin usage on the Dart side.
        Without CocoaPods, plugins will not work on iOS or macOS.
        For more info, see https://flutter.dev/platform-plugins
      To install see https://guides.cocoapods.org/using/getting-started.html#installation for instructions.

[32m[✓][39m Chrome - develop for the web
    [32m•[39m Chrome at /Applications/Google Chrome.app/Contents/MacOS/Google Chrome

[32m[✓][39m Android Studio (version 2025.2)
    [32m•[39m Android Studio at /Applications/Android Studio.app/Contents
    [32m•[39m Flutter plugin can be installed from:
      🔨 https://plugins.jetbrains.com/plugin/9212-flutter
    [32m•[39m Dart plugin can be installed from:
      🔨 https://plugins.jetbrains.com/plugin/6351-dart
    [32m•[39m Java version OpenJDK Runtime Environment (build 21.0.8+-14196175-b1038.72)

[32m[✓][39m VS Code (version 1.108.0)
    [32m•[39m VS Code at /Applications/Visual Studio Code.app/Contents
    [32m•[39m Flutter extension version 3.126.0

[32m[✓][39m Connected device (4 available)
    [32m•[39m 127.0.0.1:5555 (mobile)         • 127.0.0.1:5555        • ohos-arm64     • Ohos OpenHarmony-5.1.1.208 (API 19)
    [32m•[39m macOS (desktop)                 • macos                 • darwin-arm64   • macOS 15.6 24G84 darwin-arm64
    [32m•[39m Mac Designed for iPad (desktop) • mac-designed-for-ipad • darwin         • macOS 15.6 24G84 darwin-arm64
    [32m•[39m Chrome (web)                    • chrome                • web-javascript • Google Chrome 143.0.7499.193
    [33m![39m Error: Browsing on the local area network for iPad. Ensure the device is unlocked and attached with a cable or associated with the same local area network as this Mac.
      The device must be opted into Developer Mode to connect wirelessly. (code -27)

[32m[✓][39m Network resources
    [32m•[39m All expected network resources are available.

[33m![39m Doctor found issues in 3 categories.
```
